这是一个测试文件，用于测试 SherryAgent 的文件写入能力。